Loading config: planner.cfg
Loading config: query.cfg

=== SE(2) RRT Blossom Planner ===
  Start      : (0.680, 0.024, 2.982)
  Goal       : (0.359, 1.934, [Any])
  Robot R    : 1.000 m
  Safety     : 0.100 m
  Inflation  : 1.100 m
  Step time  : 1.0 s
  Obstacles  : 2
    [0] centre=(0.009, 1.423) th=1.546  L=0.215 W=0.960
    [1] centre=(1.004, 1.129) th=-1.581  L=0.390 W=0.900
  Map        : X[-0.5, 1.5]  Y[-0.5, 2.4]
  Goal Region: Annular Ring [0.80m, 1.00m] facing Goal (+/- 10 deg)


=== Executing 100 AO-RRT cost-bounded search attempts ===
  Run  0: failed or bounded (seed=1787903120)
  Run  1: failed or bounded (seed=1787903121)
  Run  2: failed or bounded (seed=1787903122)
  Run  3: failed or bounded (seed=1787903123)
  Run  4: failed or bounded (seed=1787903124)
  Run  5: failed or bounded (seed=1787903125)
  Run  6: failed or bounded (seed=1787903126)
  Run  7: failed or bounded (seed=1787903127)
  Run  8: failed or bounded (seed=1787903128)
  Run  9: failed or bounded (seed=1787903129)
  Run 10: failed or bounded (seed=1787903130)
New best goal cost found: 10.5574 (node 416) at iter 1048
  Run 11: cost =    10.5574 (bound=1000000000000000000.0000, seed=1787903131)
  Run 12: failed or bounded (seed=1787903132)
  Run 13: failed or bounded (seed=1787903133)
  Run 14: failed or bounded (seed=1787903134)
New best goal cost found: 2.62351 (node 478) at iter 1288
  Run 15: cost =     2.6235 (bound=10.5574, seed=1787903135)
  Run 16: failed or bounded (seed=1787903136)
  Run 17: failed or bounded (seed=1787903137)
  Run 18: failed or bounded (seed=1787903138)
  Run 19: failed or bounded (seed=1787903139)
  Run 20: failed or bounded (seed=1787903140)
  Run 21: failed or bounded (seed=1787903141)
  Run 22: failed or bounded (seed=1787903142)
  Run 23: failed or bounded (seed=1787903143)
  Run 24: failed or bounded (seed=1787903144)
  Run 25: failed or bounded (seed=1787903145)
  Run 26: failed or bounded (seed=1787903146)
  Run 27: failed or bounded (seed=1787903147)
  Run 28: failed or bounded (seed=1787903148)
  Run 29: failed or bounded (seed=1787903149)
  Run 30: failed or bounded (seed=1787903150)
  Run 31: failed or bounded (seed=1787903151)
  Run 32: failed or bounded (seed=1787903152)
  Run 33: failed or bounded (seed=1787903153)
  Run 34: failed or bounded (seed=1787903154)
  Run 35: failed or bounded (seed=1787903155)
  Run 36: failed or bounded (seed=1787903156)
  Run 37: failed or bounded (seed=1787903157)
  Run 38: failed or bounded (seed=1787903158)
  Run 39: failed or bounded (seed=1787903159)
  Run 40: failed or bounded (seed=1787903160)
  Run 41: failed or bounded (seed=1787903161)
  Run 42: failed or bounded (seed=1787903162)
  Run 43: failed or bounded (seed=1787903163)
  Run 44: failed or bounded (seed=1787903164)
  Run 45: failed or bounded (seed=1787903165)
  Run 46: failed or bounded (seed=1787903166)
  Run 47: failed or bounded (seed=1787903167)
  Run 48: failed or bounded (seed=1787903168)
  Run 49: failed or bounded (seed=1787903169)
  Run 50: failed or bounded (seed=1787903170)
  Run 51: failed or bounded (seed=1787903171)
  Run 52: failed or bounded (seed=1787903172)
  Run 53: failed or bounded (seed=1787903173)
New best goal cost found: 2.58422 (node 39) at iter 202
  Run 54: cost =     2.5842 (bound=2.6235, seed=1787903174)
  Run 55: failed or bounded (seed=1787903175)
  Run 56: failed or bounded (seed=1787903176)
  Run 57: failed or bounded (seed=1787903177)
  Run 58: failed or bounded (seed=1787903178)
  Run 59: failed or bounded (seed=1787903179)
  Run 60: failed or bounded (seed=1787903180)
  Run 61: failed or bounded (seed=1787903181)
  Run 62: failed or bounded (seed=1787903182)
  Run 63: failed or bounded (seed=1787903183)
  Run 64: failed or bounded (seed=1787903184)
  Run 65: failed or bounded (seed=1787903185)
  Run 66: failed or bounded (seed=1787903186)
  Run 67: failed or bounded (seed=1787903187)
  Run 68: failed or bounded (seed=1787903188)
  Run 69: failed or bounded (seed=1787903189)
  Run 70: failed or bounded (seed=1787903190)
  Run 71: failed or bounded (seed=1787903191)
  Run 72: failed or bounded (seed=1787903192)
  Run 73: failed or bounded (seed=1787903193)
  Run 74: failed or bounded (seed=1787903194)
  Run 75: failed or bounded (seed=1787903195)
  Run 76: failed or bounded (seed=1787903196)
  Run 77: failed or bounded (seed=1787903197)
  Run 78: failed or bounded (seed=1787903198)
  Run 79: failed or bounded (seed=1787903199)
  Run 80: failed or bounded (seed=1787903200)
  Run 81: failed or bounded (seed=1787903201)
  Run 82: failed or bounded (seed=1787903202)
  Run 83: failed or bounded (seed=1787903203)
  Run 84: failed or bounded (seed=1787903204)
  Run 85: failed or bounded (seed=1787903205)
  Run 86: failed or bounded (seed=1787903206)
  Run 87: failed or bounded (seed=1787903207)
  Run 88: failed or bounded (seed=1787903208)
  Run 89: failed or bounded (seed=1787903209)
  Run 90: failed or bounded (seed=1787903210)
  Run 91: failed or bounded (seed=1787903211)
  Run 92: failed or bounded (seed=1787903212)
  Run 93: failed or bounded (seed=1787903213)
  Run 94: failed or bounded (seed=1787903214)
  Run 95: failed or bounded (seed=1787903215)
  Run 96: failed or bounded (seed=1787903216)
  Run 97: failed or bounded (seed=1787903217)
  Run 98: failed or bounded (seed=1787903218)
  Run 99: failed or bounded (seed=1787903219)

Globally best cost: 2.5842 (seed=1787903174)
Best run rejections: dist=0, rot=0, col=963, dup=192, cost_pruned=868

=== Final Collision Check (Rectangular Footprint) ===
  WP    x        y        theta    Status    
  0       0.680    0.024    2.982  Free      
  1       0.680    0.024    2.619  Free      
  2       0.247    0.274    2.619  Free      
  3       0.247    0.274    1.572  Free      
  4       0.247    0.448    1.572  Free      
  5       0.246    0.948    1.572  Free      
  All waypoints are collision-free (Rectangular Footprint).
Wrote 6 waypoints to se2_waypoints.txt

=== Controls (5 commands, step_time=1.0s) ===
  Seg      vx(m/s)     vy(m/s)  vth(rad/s)    dur(s)
  0         0.0000      0.0000     -0.3630       1.0
  1         0.5000      0.0000      0.0000       1.0
  2         0.0000      0.0000     -1.0472       1.0
  3         0.1740      0.0000      0.0000       1.0
  4         0.5000      0.0000      0.0000       1.0
Wrote 5 controls to controls.txt
